


ARM Macro Assembler    Page 1 


    1 00000000         
    2 00000000         
    3 00000000         ;*******************************************************
                       *****************
    4 00000000                 THUMB
    5 00000000                 REQUIRE8
    6 00000000                 PRESERVE8
    7 00000000         ;*******************************************************
                       *****************
    8 00000000         
    9 00000000         
   10 00000000         ;*******************************************************
                       *****************
   11 00000000         ;      IMPORT/EXPORT Système
   12 00000000         ;*******************************************************
                       *****************
   13 00000000         
   14 00000000                 IMPORT           ||Lib$$Request$$armlib|| [CODE,
WEAK]
   15 00000000         
   16 00000000         
   17 00000000                 EXPORT           main
   18 00000000                 EXPORT           Vel
   19 00000000                 EXPORT           Val1
   20 00000000                 EXPORT           Val2
   21 00000000         
   22 00000000         
   23 00000000         ;*******************************************************
                       *****************
   24 00000000         ; SECTION DE DONNEES
   25 00000000         ;*******************************************************
                       *****************
   26 00000000         
   27 00000000                 AREA             trou, data, readwrite
   28 00000000         
   29 00000000         
   30 00000000         
   31 00000000         
   32 00000000         
   33 00000000         ;*******************************************************
                       *****************
   34 00000000         ; SECTION DE DONNEES
   35 00000000         ;*******************************************************
                       *****************
   36 00000000         
   37 00000000                 AREA             mesdonnees, data, readwrite
   38 00000000         
   39 00000000 00 00   Val1    SPACE            2
   40 00000002 00 00 00 
              00       Val2    SPACE            4
   41 00000006 CD AB EF 
              CD 55 55 
              08 0C 11 
              45 14 10 
              11 A2 BB 
              B1 F0 74 
              44       Vel     DCB              0xcd,0xab,0xef,0xcd,0x55,0x55,0
x08,0x0c,0x11,0x45,0x14,0x10,0x11,0xa2,0xbb,0xb1,0xf0,0x74,0x44
   42 00000019 14 32 26 



ARM Macro Assembler    Page 2 


              D4 E0 3E 
              67 69 99 
              98 00 00 
              00 12 00 
              45 00            DCB              0x14,0x32,0x26,0xD4,0xE0,0x3e,0
x67,0x69,0x99,0x98,0x00,0x00,0x00,0x12,0x00,0x45,0x00
   43 0000002A 00 62 11 
              22 20 57 
              00 00 00         DCB              0x00,0x62,0x11,0x22,0x20,0x57,0
x00,0x00,0x00
   44 00000033         
   45 00000033         ;*******************************************************
                       *****************
   46 00000033         ; SECTION DE CODE
   47 00000033         ;*******************************************************
                       *****************
   48 00000033                 AREA             moncode, code, readonly
   49 00000000         
   50 00000000         
   51 00000000         main    PROC
   52 00000000         
   53 00000000 4806            LDR              R0,=Vel
   54 00000002 F04F 0100       MOV              R1,#0
   55 00000006 F04F 0300       MOV              R3,#0
   56 0000000A 7802    Calcul  LDRB             R2,[R0]
   57 0000000C 4411            ADD              R1,R2
   58 0000000E F100 0001       ADD              R0,#1
   59 00000012 F103 0301       ADD              R3,#1
   60 00000016 2B0A            CMP              R3,#10
   61 00000018 D0F7            BEQ              Calcul
   62 0000001A         
   63 0000001A E7FE    inf     B                inf         ; boucle infinie
   64 0000001C         
   65 0000001C         
   66 0000001C                 ENDP
   67 0000001C         
   68 0000001C                 END
              00000000 
Command Line: --debug --xref --cpu=Cortex-M3 --depend=.\objects\test.d -o.\obje
cts\test.o -I.\RTE\Device\STM32F103RB -I.\RTE\_Target_1 -IC:\Keil_v5\ARM\PACK\A
RM\CMSIS\5.0.1\CMSIS\Include -IC:\Keil_v5\ARM\PACK\Keil\STM32F1xx_DFP\2.3.0\Dev
ice\Include --predefine="__EVAL SETA 1" --predefine="__MICROLIB SETA 1" --prede
fine="__UVISION_VERSION SETA 525" --predefine="_RTE_ SETA 1" --predefine="STM32
F10X_MD SETA 1" --list=.\listings\test.lst test.asm



ARM Macro Assembler    Page 1 Alphabetic symbol ordering
Relocatable symbols

trou 00000000

Symbol: trou
   Definitions
      At line 27 in file test.asm
   Uses
      None
Comment: trou unused
1 symbol



ARM Macro Assembler    Page 1 Alphabetic symbol ordering
Relocatable symbols

Val1 00000000

Symbol: Val1
   Definitions
      At line 39 in file test.asm
   Uses
      At line 19 in file test.asm
Comment: Val1 used once
Val2 00000002

Symbol: Val2
   Definitions
      At line 40 in file test.asm
   Uses
      At line 20 in file test.asm
Comment: Val2 used once
Vel 00000006

Symbol: Vel
   Definitions
      At line 41 in file test.asm
   Uses
      At line 18 in file test.asm
      At line 53 in file test.asm

mesdonnees 00000000

Symbol: mesdonnees
   Definitions
      At line 37 in file test.asm
   Uses
      None
Comment: mesdonnees unused
4 symbols



ARM Macro Assembler    Page 1 Alphabetic symbol ordering
Relocatable symbols

Calcul 0000000A

Symbol: Calcul
   Definitions
      At line 56 in file test.asm
   Uses
      At line 61 in file test.asm
Comment: Calcul used once
inf 0000001A

Symbol: inf
   Definitions
      At line 63 in file test.asm
   Uses
      At line 63 in file test.asm
Comment: inf used once
main 00000000

Symbol: main
   Definitions
      At line 51 in file test.asm
   Uses
      At line 17 in file test.asm
Comment: main used once
moncode 00000000

Symbol: moncode
   Definitions
      At line 48 in file test.asm
   Uses
      None
Comment: moncode unused
4 symbols



ARM Macro Assembler    Page 1 Alphabetic symbol ordering
External symbols

|Lib$$Request$$armlib| 00000000

Symbol: |Lib$$Request$$armlib|
   Definitions
      At line 14 in file test.asm
   Uses
      None
Comment: |Lib$$Request$$armlib| unused
1 symbol
347 symbols in table
