22:20:09 **** Incremental Build of configuration Release for project tes_mx_f103 ****
make all 
Building file: ../startup/startup_stm32f103xb.s
Invoking: MCU GCC Assembler
D:\Documents\AVR\stm32\ARM\STM32F103C8T6\tes_mx_f103\Release
arm-none-eabi-as -mcpu=cortex-m3 -mthumb -mfloat-abi=soft -o "startup/startup_stm32f103xb.o" "../startup/startup_stm32f103xb.s"
Finished building: ../startup/startup_stm32f103xb.s
 
Building file: ../Src/main.c
Invoking: MCU GCC Compiler
D:\Documents\AVR\stm32\ARM\STM32F103C8T6\tes_mx_f103\Release
arm-none-eabi-gcc -mcpu=cortex-m3 -mthumb -mfloat-abi=soft '-D__weak=__attribute__((weak))' '-D__packed=__attribute__((__packed__))' -DUSE_HAL_DRIVER -DSTM32F103xB -I"D:/Documents/AVR/stm32/ARM/STM32F103C8T6/tes_mx_f103/Inc" -I"D:/Documents/AVR/stm32/ARM/STM32F103C8T6/tes_mx_f103/Drivers/STM32F1xx_HAL_Driver/Inc" -I"D:/Documents/AVR/stm32/ARM/STM32F103C8T6/tes_mx_f103/Drivers/STM32F1xx_HAL_Driver/Inc/Legacy" -I"D:/Documents/AVR/stm32/ARM/STM32F103C8T6/tes_mx_f103/Drivers/CMSIS/Device/ST/STM32F1xx/Include" -I"D:/Documents/AVR/stm32/ARM/STM32F103C8T6/tes_mx_f103/Drivers/CMSIS/Include"  -Og -g3 -Wall -fmessage-length=0 -ffunction-sections -c -fmessage-length=0 -MMD -MP -MF"Src/main.d" -MT"Src/main.o" -o "Src/main.o" "../Src/main.c"
Finished building: ../Src/main.c
 
Building file: ../Src/stm32f1xx_hal_msp.c
Invoking: MCU GCC Compiler
D:\Documents\AVR\stm32\ARM\STM32F103C8T6\tes_mx_f103\Release
arm-none-eabi-gcc -mcpu=cortex-m3 -mthumb -mfloat-abi=soft '-D__weak=__attribute__((weak))' '-D__packed=__attribute__((__packed__))' -DUSE_HAL_DRIVER -DSTM32F103xB -I"D:/Documents/AVR/stm32/ARM/STM32F103C8T6/tes_mx_f103/Inc" -I"D:/Documents/AVR/stm32/ARM/STM32F103C8T6/tes_mx_f103/Drivers/STM32F1xx_HAL_Driver/Inc" -I"D:/Documents/AVR/stm32/ARM/STM32F103C8T6/tes_mx_f103/Drivers/STM32F1xx_HAL_Driver/Inc/Legacy" -I"D:/Documents/AVR/stm32/ARM/STM32F103C8T6/tes_mx_f103/Drivers/CMSIS/Device/ST/STM32F1xx/Include" -I"D:/Documents/AVR/stm32/ARM/STM32F103C8T6/tes_mx_f103/Drivers/CMSIS/Include"  -Og -g3 -Wall -fmessage-length=0 -ffunction-sections -c -fmessage-length=0 -MMD -MP -MF"Src/stm32f1xx_hal_msp.d" -MT"Src/stm32f1xx_hal_msp.o" -o "Src/stm32f1xx_hal_msp.o" "../Src/stm32f1xx_hal_msp.c"
Finished building: ../Src/stm32f1xx_hal_msp.c
 
Building file: ../Src/stm32f1xx_it.c
Invoking: MCU GCC Compiler
D:\Documents\AVR\stm32\ARM\STM32F103C8T6\tes_mx_f103\Release
arm-none-eabi-gcc -mcpu=cortex-m3 -mthumb -mfloat-abi=soft '-D__weak=__attribute__((weak))' '-D__packed=__attribute__((__packed__))' -DUSE_HAL_DRIVER -DSTM32F103xB -I"D:/Documents/AVR/stm32/ARM/STM32F103C8T6/tes_mx_f103/Inc" -I"D:/Documents/AVR/stm32/ARM/STM32F103C8T6/tes_mx_f103/Drivers/STM32F1xx_HAL_Driver/Inc" -I"D:/Documents/AVR/stm32/ARM/STM32F103C8T6/tes_mx_f103/Drivers/STM32F1xx_HAL_Driver/Inc/Legacy" -I"D:/Documents/AVR/stm32/ARM/STM32F103C8T6/tes_mx_f103/Drivers/CMSIS/Device/ST/STM32F1xx/Include" -I"D:/Documents/AVR/stm32/ARM/STM32F103C8T6/tes_mx_f103/Drivers/CMSIS/Include"  -Og -g3 -Wall -fmessage-length=0 -ffunction-sections -c -fmessage-length=0 -MMD -MP -MF"Src/stm32f1xx_it.d" -MT"Src/stm32f1xx_it.o" -o "Src/stm32f1xx_it.o" "../Src/stm32f1xx_it.c"
Finished building: ../Src/stm32f1xx_it.c
 
Building file: ../Src/system_stm32f1xx.c
Invoking: MCU GCC Compiler
D:\Documents\AVR\stm32\ARM\STM32F103C8T6\tes_mx_f103\Release
arm-none-eabi-gcc -mcpu=cortex-m3 -mthumb -mfloat-abi=soft '-D__weak=__attribute__((weak))' '-D__packed=__attribute__((__packed__))' -DUSE_HAL_DRIVER -DSTM32F103xB -I"D:/Documents/AVR/stm32/ARM/STM32F103C8T6/tes_mx_f103/Inc" -I"D:/Documents/AVR/stm32/ARM/STM32F103C8T6/tes_mx_f103/Drivers/STM32F1xx_HAL_Driver/Inc" -I"D:/Documents/AVR/stm32/ARM/STM32F103C8T6/tes_mx_f103/Drivers/STM32F1xx_HAL_Driver/Inc/Legacy" -I"D:/Documents/AVR/stm32/ARM/STM32F103C8T6/tes_mx_f103/Drivers/CMSIS/Device/ST/STM32F1xx/Include" -I"D:/Documents/AVR/stm32/ARM/STM32F103C8T6/tes_mx_f103/Drivers/CMSIS/Include"  -Og -g3 -Wall -fmessage-length=0 -ffunction-sections -c -fmessage-length=0 -MMD -MP -MF"Src/system_stm32f1xx.d" -MT"Src/system_stm32f1xx.o" -o "Src/system_stm32f1xx.o" "../Src/system_stm32f1xx.c"
Finished building: ../Src/system_stm32f1xx.c
 
Building file: ../Drivers/STM32F1xx_HAL_Driver/Src/stm32f1xx_hal.c
Invoking: MCU GCC Compiler
D:\Documents\AVR\stm32\ARM\STM32F103C8T6\tes_mx_f103\Release
arm-none-eabi-gcc -mcpu=cortex-m3 -mthumb -mfloat-abi=soft '-D__weak=__attribute__((weak))' '-D__packed=__attribute__((__packed__))' -DUSE_HAL_DRIVER -DSTM32F103xB -I"D:/Documents/AVR/stm32/ARM/STM32F103C8T6/tes_mx_f103/Inc" -I"D:/Documents/AVR/stm32/ARM/STM32F103C8T6/tes_mx_f103/Drivers/STM32F1xx_HAL_Driver/Inc" -I"D:/Documents/AVR/stm32/ARM/STM32F103C8T6/tes_mx_f103/Drivers/STM32F1xx_HAL_Driver/Inc/Legacy" -I"D:/Documents/AVR/stm32/ARM/STM32F103C8T6/tes_mx_f103/Drivers/CMSIS/Device/ST/STM32F1xx/Include" -I"D:/Documents/AVR/stm32/ARM/STM32F103C8T6/tes_mx_f103/Drivers/CMSIS/Include"  -Og -g3 -Wall -fmessage-length=0 -ffunction-sections -c -fmessage-length=0 -MMD -MP -MF"Drivers/STM32F1xx_HAL_Driver/Src/stm32f1xx_hal.d" -MT"Drivers/STM32F1xx_HAL_Driver/Src/stm32f1xx_hal.o" -o "Drivers/STM32F1xx_HAL_Driver/Src/stm32f1xx_hal.o" "../Drivers/STM32F1xx_HAL_Driver/Src/stm32f1xx_hal.c"
Finished building: ../Drivers/STM32F1xx_HAL_Driver/Src/stm32f1xx_hal.c
 
Building file: ../Drivers/STM32F1xx_HAL_Driver/Src/stm32f1xx_hal_cortex.c
Invoking: MCU GCC Compiler
D:\Documents\AVR\stm32\ARM\STM32F103C8T6\tes_mx_f103\Release
arm-none-eabi-gcc -mcpu=cortex-m3 -mthumb -mfloat-abi=soft '-D__weak=__attribute__((weak))' '-D__packed=__attribute__((__packed__))' -DUSE_HAL_DRIVER -DSTM32F103xB -I"D:/Documents/AVR/stm32/ARM/STM32F103C8T6/tes_mx_f103/Inc" -I"D:/Documents/AVR/stm32/ARM/STM32F103C8T6/tes_mx_f103/Drivers/STM32F1xx_HAL_Driver/Inc" -I"D:/Documents/AVR/stm32/ARM/STM32F103C8T6/tes_mx_f103/Drivers/STM32F1xx_HAL_Driver/Inc/Legacy" -I"D:/Documents/AVR/stm32/ARM/STM32F103C8T6/tes_mx_f103/Drivers/CMSIS/Device/ST/STM32F1xx/Include" -I"D:/Documents/AVR/stm32/ARM/STM32F103C8T6/tes_mx_f103/Drivers/CMSIS/Include"  -Og -g3 -Wall -fmessage-length=0 -ffunction-sections -c -fmessage-length=0 -MMD -MP -MF"Drivers/STM32F1xx_HAL_Driver/Src/stm32f1xx_hal_cortex.d" -MT"Drivers/STM32F1xx_HAL_Driver/Src/stm32f1xx_hal_cortex.o" -o "Drivers/STM32F1xx_HAL_Driver/Src/stm32f1xx_hal_cortex.o" "../Drivers/STM32F1xx_HAL_Driver/Src/stm32f1xx_hal_cortex.c"
Finished building: ../Drivers/STM32F1xx_HAL_Driver/Src/stm32f1xx_hal_cortex.c
 
Building file: ../Drivers/STM32F1xx_HAL_Driver/Src/stm32f1xx_hal_dma.c
Invoking: MCU GCC Compiler
D:\Documents\AVR\stm32\ARM\STM32F103C8T6\tes_mx_f103\Release
arm-none-eabi-gcc -mcpu=cortex-m3 -mthumb -mfloat-abi=soft '-D__weak=__attribute__((weak))' '-D__packed=__attribute__((__packed__))' -DUSE_HAL_DRIVER -DSTM32F103xB -I"D:/Documents/AVR/stm32/ARM/STM32F103C8T6/tes_mx_f103/Inc" -I"D:/Documents/AVR/stm32/ARM/STM32F103C8T6/tes_mx_f103/Drivers/STM32F1xx_HAL_Driver/Inc" -I"D:/Documents/AVR/stm32/ARM/STM32F103C8T6/tes_mx_f103/Drivers/STM32F1xx_HAL_Driver/Inc/Legacy" -I"D:/Documents/AVR/stm32/ARM/STM32F103C8T6/tes_mx_f103/Drivers/CMSIS/Device/ST/STM32F1xx/Include" -I"D:/Documents/AVR/stm32/ARM/STM32F103C8T6/tes_mx_f103/Drivers/CMSIS/Include"  -Og -g3 -Wall -fmessage-length=0 -ffunction-sections -c -fmessage-length=0 -MMD -MP -MF"Drivers/STM32F1xx_HAL_Driver/Src/stm32f1xx_hal_dma.d" -MT"Drivers/STM32F1xx_HAL_Driver/Src/stm32f1xx_hal_dma.o" -o "Drivers/STM32F1xx_HAL_Driver/Src/stm32f1xx_hal_dma.o" "../Drivers/STM32F1xx_HAL_Driver/Src/stm32f1xx_hal_dma.c"
Finished building: ../Drivers/STM32F1xx_HAL_Driver/Src/stm32f1xx_hal_dma.c
 
Building file: ../Drivers/STM32F1xx_HAL_Driver/Src/stm32f1xx_hal_flash.c
Invoking: MCU GCC Compiler
D:\Documents\AVR\stm32\ARM\STM32F103C8T6\tes_mx_f103\Release
arm-none-eabi-gcc -mcpu=cortex-m3 -mthumb -mfloat-abi=soft '-D__weak=__attribute__((weak))' '-D__packed=__attribute__((__packed__))' -DUSE_HAL_DRIVER -DSTM32F103xB -I"D:/Documents/AVR/stm32/ARM/STM32F103C8T6/tes_mx_f103/Inc" -I"D:/Documents/AVR/stm32/ARM/STM32F103C8T6/tes_mx_f103/Drivers/STM32F1xx_HAL_Driver/Inc" -I"D:/Documents/AVR/stm32/ARM/STM32F103C8T6/tes_mx_f103/Drivers/STM32F1xx_HAL_Driver/Inc/Legacy" -I"D:/Documents/AVR/stm32/ARM/STM32F103C8T6/tes_mx_f103/Drivers/CMSIS/Device/ST/STM32F1xx/Include" -I"D:/Documents/AVR/stm32/ARM/STM32F103C8T6/tes_mx_f103/Drivers/CMSIS/Include"  -Og -g3 -Wall -fmessage-length=0 -ffunction-sections -c -fmessage-length=0 -MMD -MP -MF"Drivers/STM32F1xx_HAL_Driver/Src/stm32f1xx_hal_flash.d" -MT"Drivers/STM32F1xx_HAL_Driver/Src/stm32f1xx_hal_flash.o" -o "Drivers/STM32F1xx_HAL_Driver/Src/stm32f1xx_hal_flash.o" "../Drivers/STM32F1xx_HAL_Driver/Src/stm32f1xx_hal_flash.c"
Finished building: ../Drivers/STM32F1xx_HAL_Driver/Src/stm32f1xx_hal_flash.c
 
Building file: ../Drivers/STM32F1xx_HAL_Driver/Src/stm32f1xx_hal_flash_ex.c
Invoking: MCU GCC Compiler
D:\Documents\AVR\stm32\ARM\STM32F103C8T6\tes_mx_f103\Release
arm-none-eabi-gcc -mcpu=cortex-m3 -mthumb -mfloat-abi=soft '-D__weak=__attribute__((weak))' '-D__packed=__attribute__((__packed__))' -DUSE_HAL_DRIVER -DSTM32F103xB -I"D:/Documents/AVR/stm32/ARM/STM32F103C8T6/tes_mx_f103/Inc" -I"D:/Documents/AVR/stm32/ARM/STM32F103C8T6/tes_mx_f103/Drivers/STM32F1xx_HAL_Driver/Inc" -I"D:/Documents/AVR/stm32/ARM/STM32F103C8T6/tes_mx_f103/Drivers/STM32F1xx_HAL_Driver/Inc/Legacy" -I"D:/Documents/AVR/stm32/ARM/STM32F103C8T6/tes_mx_f103/Drivers/CMSIS/Device/ST/STM32F1xx/Include" -I"D:/Documents/AVR/stm32/ARM/STM32F103C8T6/tes_mx_f103/Drivers/CMSIS/Include"  -Og -g3 -Wall -fmessage-length=0 -ffunction-sections -c -fmessage-length=0 -MMD -MP -MF"Drivers/STM32F1xx_HAL_Driver/Src/stm32f1xx_hal_flash_ex.d" -MT"Drivers/STM32F1xx_HAL_Driver/Src/stm32f1xx_hal_flash_ex.o" -o "Drivers/STM32F1xx_HAL_Driver/Src/stm32f1xx_hal_flash_ex.o" "../Drivers/STM32F1xx_HAL_Driver/Src/stm32f1xx_hal_flash_ex.c"
Finished building: ../Drivers/STM32F1xx_HAL_Driver/Src/stm32f1xx_hal_flash_ex.c
 
Building file: ../Drivers/STM32F1xx_HAL_Driver/Src/stm32f1xx_hal_gpio.c
Invoking: MCU GCC Compiler
D:\Documents\AVR\stm32\ARM\STM32F103C8T6\tes_mx_f103\Release
arm-none-eabi-gcc -mcpu=cortex-m3 -mthumb -mfloat-abi=soft '-D__weak=__attribute__((weak))' '-D__packed=__attribute__((__packed__))' -DUSE_HAL_DRIVER -DSTM32F103xB -I"D:/Documents/AVR/stm32/ARM/STM32F103C8T6/tes_mx_f103/Inc" -I"D:/Documents/AVR/stm32/ARM/STM32F103C8T6/tes_mx_f103/Drivers/STM32F1xx_HAL_Driver/Inc" -I"D:/Documents/AVR/stm32/ARM/STM32F103C8T6/tes_mx_f103/Drivers/STM32F1xx_HAL_Driver/Inc/Legacy" -I"D:/Documents/AVR/stm32/ARM/STM32F103C8T6/tes_mx_f103/Drivers/CMSIS/Device/ST/STM32F1xx/Include" -I"D:/Documents/AVR/stm32/ARM/STM32F103C8T6/tes_mx_f103/Drivers/CMSIS/Include"  -Og -g3 -Wall -fmessage-length=0 -ffunction-sections -c -fmessage-length=0 -MMD -MP -MF"Drivers/STM32F1xx_HAL_Driver/Src/stm32f1xx_hal_gpio.d" -MT"Drivers/STM32F1xx_HAL_Driver/Src/stm32f1xx_hal_gpio.o" -o "Drivers/STM32F1xx_HAL_Driver/Src/stm32f1xx_hal_gpio.o" "../Drivers/STM32F1xx_HAL_Driver/Src/stm32f1xx_hal_gpio.c"
Finished building: ../Drivers/STM32F1xx_HAL_Driver/Src/stm32f1xx_hal_gpio.c
 
Building file: ../Drivers/STM32F1xx_HAL_Driver/Src/stm32f1xx_hal_gpio_ex.c
Invoking: MCU GCC Compiler
D:\Documents\AVR\stm32\ARM\STM32F103C8T6\tes_mx_f103\Release
arm-none-eabi-gcc -mcpu=cortex-m3 -mthumb -mfloat-abi=soft '-D__weak=__attribute__((weak))' '-D__packed=__attribute__((__packed__))' -DUSE_HAL_DRIVER -DSTM32F103xB -I"D:/Documents/AVR/stm32/ARM/STM32F103C8T6/tes_mx_f103/Inc" -I"D:/Documents/AVR/stm32/ARM/STM32F103C8T6/tes_mx_f103/Drivers/STM32F1xx_HAL_Driver/Inc" -I"D:/Documents/AVR/stm32/ARM/STM32F103C8T6/tes_mx_f103/Drivers/STM32F1xx_HAL_Driver/Inc/Legacy" -I"D:/Documents/AVR/stm32/ARM/STM32F103C8T6/tes_mx_f103/Drivers/CMSIS/Device/ST/STM32F1xx/Include" -I"D:/Documents/AVR/stm32/ARM/STM32F103C8T6/tes_mx_f103/Drivers/CMSIS/Include"  -Og -g3 -Wall -fmessage-length=0 -ffunction-sections -c -fmessage-length=0 -MMD -MP -MF"Drivers/STM32F1xx_HAL_Driver/Src/stm32f1xx_hal_gpio_ex.d" -MT"Drivers/STM32F1xx_HAL_Driver/Src/stm32f1xx_hal_gpio_ex.o" -o "Drivers/STM32F1xx_HAL_Driver/Src/stm32f1xx_hal_gpio_ex.o" "../Drivers/STM32F1xx_HAL_Driver/Src/stm32f1xx_hal_gpio_ex.c"
Finished building: ../Drivers/STM32F1xx_HAL_Driver/Src/stm32f1xx_hal_gpio_ex.c
 
Building file: ../Drivers/STM32F1xx_HAL_Driver/Src/stm32f1xx_hal_pwr.c
Invoking: MCU GCC Compiler
D:\Documents\AVR\stm32\ARM\STM32F103C8T6\tes_mx_f103\Release
arm-none-eabi-gcc -mcpu=cortex-m3 -mthumb -mfloat-abi=soft '-D__weak=__attribute__((weak))' '-D__packed=__attribute__((__packed__))' -DUSE_HAL_DRIVER -DSTM32F103xB -I"D:/Documents/AVR/stm32/ARM/STM32F103C8T6/tes_mx_f103/Inc" -I"D:/Documents/AVR/stm32/ARM/STM32F103C8T6/tes_mx_f103/Drivers/STM32F1xx_HAL_Driver/Inc" -I"D:/Documents/AVR/stm32/ARM/STM32F103C8T6/tes_mx_f103/Drivers/STM32F1xx_HAL_Driver/Inc/Legacy" -I"D:/Documents/AVR/stm32/ARM/STM32F103C8T6/tes_mx_f103/Drivers/CMSIS/Device/ST/STM32F1xx/Include" -I"D:/Documents/AVR/stm32/ARM/STM32F103C8T6/tes_mx_f103/Drivers/CMSIS/Include"  -Og -g3 -Wall -fmessage-length=0 -ffunction-sections -c -fmessage-length=0 -MMD -MP -MF"Drivers/STM32F1xx_HAL_Driver/Src/stm32f1xx_hal_pwr.d" -MT"Drivers/STM32F1xx_HAL_Driver/Src/stm32f1xx_hal_pwr.o" -o "Drivers/STM32F1xx_HAL_Driver/Src/stm32f1xx_hal_pwr.o" "../Drivers/STM32F1xx_HAL_Driver/Src/stm32f1xx_hal_pwr.c"
Finished building: ../Drivers/STM32F1xx_HAL_Driver/Src/stm32f1xx_hal_pwr.c
 
Building file: ../Drivers/STM32F1xx_HAL_Driver/Src/stm32f1xx_hal_rcc.c
Invoking: MCU GCC Compiler
D:\Documents\AVR\stm32\ARM\STM32F103C8T6\tes_mx_f103\Release
arm-none-eabi-gcc -mcpu=cortex-m3 -mthumb -mfloat-abi=soft '-D__weak=__attribute__((weak))' '-D__packed=__attribute__((__packed__))' -DUSE_HAL_DRIVER -DSTM32F103xB -I"D:/Documents/AVR/stm32/ARM/STM32F103C8T6/tes_mx_f103/Inc" -I"D:/Documents/AVR/stm32/ARM/STM32F103C8T6/tes_mx_f103/Drivers/STM32F1xx_HAL_Driver/Inc" -I"D:/Documents/AVR/stm32/ARM/STM32F103C8T6/tes_mx_f103/Drivers/STM32F1xx_HAL_Driver/Inc/Legacy" -I"D:/Documents/AVR/stm32/ARM/STM32F103C8T6/tes_mx_f103/Drivers/CMSIS/Device/ST/STM32F1xx/Include" -I"D:/Documents/AVR/stm32/ARM/STM32F103C8T6/tes_mx_f103/Drivers/CMSIS/Include"  -Og -g3 -Wall -fmessage-length=0 -ffunction-sections -c -fmessage-length=0 -MMD -MP -MF"Drivers/STM32F1xx_HAL_Driver/Src/stm32f1xx_hal_rcc.d" -MT"Drivers/STM32F1xx_HAL_Driver/Src/stm32f1xx_hal_rcc.o" -o "Drivers/STM32F1xx_HAL_Driver/Src/stm32f1xx_hal_rcc.o" "../Drivers/STM32F1xx_HAL_Driver/Src/stm32f1xx_hal_rcc.c"
Finished building: ../Drivers/STM32F1xx_HAL_Driver/Src/stm32f1xx_hal_rcc.c
 
Building file: ../Drivers/STM32F1xx_HAL_Driver/Src/stm32f1xx_hal_rcc_ex.c
Invoking: MCU GCC Compiler
D:\Documents\AVR\stm32\ARM\STM32F103C8T6\tes_mx_f103\Release
arm-none-eabi-gcc -mcpu=cortex-m3 -mthumb -mfloat-abi=soft '-D__weak=__attribute__((weak))' '-D__packed=__attribute__((__packed__))' -DUSE_HAL_DRIVER -DSTM32F103xB -I"D:/Documents/AVR/stm32/ARM/STM32F103C8T6/tes_mx_f103/Inc" -I"D:/Documents/AVR/stm32/ARM/STM32F103C8T6/tes_mx_f103/Drivers/STM32F1xx_HAL_Driver/Inc" -I"D:/Documents/AVR/stm32/ARM/STM32F103C8T6/tes_mx_f103/Drivers/STM32F1xx_HAL_Driver/Inc/Legacy" -I"D:/Documents/AVR/stm32/ARM/STM32F103C8T6/tes_mx_f103/Drivers/CMSIS/Device/ST/STM32F1xx/Include" -I"D:/Documents/AVR/stm32/ARM/STM32F103C8T6/tes_mx_f103/Drivers/CMSIS/Include"  -Og -g3 -Wall -fmessage-length=0 -ffunction-sections -c -fmessage-length=0 -MMD -MP -MF"Drivers/STM32F1xx_HAL_Driver/Src/stm32f1xx_hal_rcc_ex.d" -MT"Drivers/STM32F1xx_HAL_Driver/Src/stm32f1xx_hal_rcc_ex.o" -o "Drivers/STM32F1xx_HAL_Driver/Src/stm32f1xx_hal_rcc_ex.o" "../Drivers/STM32F1xx_HAL_Driver/Src/stm32f1xx_hal_rcc_ex.c"
Finished building: ../Drivers/STM32F1xx_HAL_Driver/Src/stm32f1xx_hal_rcc_ex.c
 
Building file: ../Drivers/STM32F1xx_HAL_Driver/Src/stm32f1xx_hal_tim.c
Invoking: MCU GCC Compiler
D:\Documents\AVR\stm32\ARM\STM32F103C8T6\tes_mx_f103\Release
arm-none-eabi-gcc -mcpu=cortex-m3 -mthumb -mfloat-abi=soft '-D__weak=__attribute__((weak))' '-D__packed=__attribute__((__packed__))' -DUSE_HAL_DRIVER -DSTM32F103xB -I"D:/Documents/AVR/stm32/ARM/STM32F103C8T6/tes_mx_f103/Inc" -I"D:/Documents/AVR/stm32/ARM/STM32F103C8T6/tes_mx_f103/Drivers/STM32F1xx_HAL_Driver/Inc" -I"D:/Documents/AVR/stm32/ARM/STM32F103C8T6/tes_mx_f103/Drivers/STM32F1xx_HAL_Driver/Inc/Legacy" -I"D:/Documents/AVR/stm32/ARM/STM32F103C8T6/tes_mx_f103/Drivers/CMSIS/Device/ST/STM32F1xx/Include" -I"D:/Documents/AVR/stm32/ARM/STM32F103C8T6/tes_mx_f103/Drivers/CMSIS/Include"  -Og -g3 -Wall -fmessage-length=0 -ffunction-sections -c -fmessage-length=0 -MMD -MP -MF"Drivers/STM32F1xx_HAL_Driver/Src/stm32f1xx_hal_tim.d" -MT"Drivers/STM32F1xx_HAL_Driver/Src/stm32f1xx_hal_tim.o" -o "Drivers/STM32F1xx_HAL_Driver/Src/stm32f1xx_hal_tim.o" "../Drivers/STM32F1xx_HAL_Driver/Src/stm32f1xx_hal_tim.c"
Finished building: ../Drivers/STM32F1xx_HAL_Driver/Src/stm32f1xx_hal_tim.c
 
Building file: ../Drivers/STM32F1xx_HAL_Driver/Src/stm32f1xx_hal_tim_ex.c
Invoking: MCU GCC Compiler
D:\Documents\AVR\stm32\ARM\STM32F103C8T6\tes_mx_f103\Release
arm-none-eabi-gcc -mcpu=cortex-m3 -mthumb -mfloat-abi=soft '-D__weak=__attribute__((weak))' '-D__packed=__attribute__((__packed__))' -DUSE_HAL_DRIVER -DSTM32F103xB -I"D:/Documents/AVR/stm32/ARM/STM32F103C8T6/tes_mx_f103/Inc" -I"D:/Documents/AVR/stm32/ARM/STM32F103C8T6/tes_mx_f103/Drivers/STM32F1xx_HAL_Driver/Inc" -I"D:/Documents/AVR/stm32/ARM/STM32F103C8T6/tes_mx_f103/Drivers/STM32F1xx_HAL_Driver/Inc/Legacy" -I"D:/Documents/AVR/stm32/ARM/STM32F103C8T6/tes_mx_f103/Drivers/CMSIS/Device/ST/STM32F1xx/Include" -I"D:/Documents/AVR/stm32/ARM/STM32F103C8T6/tes_mx_f103/Drivers/CMSIS/Include"  -Og -g3 -Wall -fmessage-length=0 -ffunction-sections -c -fmessage-length=0 -MMD -MP -MF"Drivers/STM32F1xx_HAL_Driver/Src/stm32f1xx_hal_tim_ex.d" -MT"Drivers/STM32F1xx_HAL_Driver/Src/stm32f1xx_hal_tim_ex.o" -o "Drivers/STM32F1xx_HAL_Driver/Src/stm32f1xx_hal_tim_ex.o" "../Drivers/STM32F1xx_HAL_Driver/Src/stm32f1xx_hal_tim_ex.c"
Finished building: ../Drivers/STM32F1xx_HAL_Driver/Src/stm32f1xx_hal_tim_ex.c
 
Building target: tes_mx_f103.elf
Invoking: MCU GCC Linker
arm-none-eabi-gcc -mcpu=cortex-m3 -mthumb -mfloat-abi=soft -specs=nosys.specs -specs=nano.specs -T"../STM32F103C8Tx_FLASH.ld" -Wl,-Map=output.map -Wl,--gc-sections -o "tes_mx_f103.elf" @"objects.list"   -lm
Finished building target: tes_mx_f103.elf
 
make --no-print-directory post-build
Generating binary and Printing size information:
arm-none-eabi-objcopy -O binary "tes_mx_f103.elf" "tes_mx_f103.bin"
arm-none-eabi-size "tes_mx_f103.elf"
   text	   data	    bss	    dec	    hex	filename
   4304	     12	   1636	   5952	   1740	tes_mx_f103.elf
 
22:20:31 **** Incremental Build of configuration Release for project tes_mx_f103 ****
make all 
make: Nothing to be done for 'all'.
22:21:03 **** Incremental Build of configuration Release for project tes_mx_f103 ****
make all 
make: Nothing to be done for 'all'.
22:21:11 **** Incremental Build of configuration Release for project tes_mx_f103 ****
make all 
make: Nothing to be done for 'all'.
22:21:21 **** Incremental Build of configuration Release for project tes_mx_f103 ****
make all 
make: Nothing to be done for 'all'.
22:23:42 **** Incremental Build of configuration Release for project tes_mx_f103 ****
make all 
Building target: tes_mx_f103.elf
Invoking: MCU GCC Linker
arm-none-eabi-gcc -mcpu=cortex-m3 -mthumb -mfloat-abi=soft -specs=nosys.specs -specs=nano.specs -T"../STM32F103C8Tx_FLASH.ld" -Wl,-Map=output.map -Wl,--gc-sections -o "tes_mx_f103.elf" @"objects.list"   -lm
Finished building target: tes_mx_f103.elf
 
make --no-print-directory post-build
Generating binary and Printing size information:
arm-none-eabi-objcopy -O binary "tes_mx_f103.elf" "tes_mx_f103.bin"
arm-none-eabi-size "tes_mx_f103.elf"
   text	   data	    bss	    dec	    hex	filename
   4304	     12	   1636	   5952	   1740	tes_mx_f103.elf
 
